LTspice 26.0.0 for Windows
Circuit: C:\Users\Salem\Desktop\Projects\spice\test.net
Start Time: Wed May 27 09:05:34 2026
solver = Normal
Maximum thread count: 16
tnom = 27
temp = 27
method = trap
C4: Increased Cpar to 2.2e-10
.OP point found by inspection.
.OP point found by inspection.
Total elapsed time: 0.140 seconds.

Files loaded:
C:\Users\Salem\Desktop\Projects\spice\test.net
C:\Users\Salem\Desktop\Projects\spice\GRM31CZ72A475KE11_DC0V_25degC.mod
C:\Users\Salem\Desktop\Projects\spice\GRM188R72A104KA35_DC0V_25degC.mod

